// Jest Snapshot v1, https://goo.gl/fbAQLP

exports[`<ThemeSwitcherButton /> should render 1`] = `
.c0 {
  position: fixed;
  background-color: #ffff;
  color: #0a1128;
  border: none;
  display: -webkit-box;
  display: -webkit-flex;
  display: -ms-flexbox;
  display: flex;
  -webkit-align-items: center;
  -webkit-box-align: center;
  -ms-flex-align: center;
  align-items: center;
  -webkit-box-pack: center;
  -webkit-justify-content: center;
  -ms-flex-pack: center;
  justify-content: center;
  width: 20rem;
  height: 4rem;
  bottom: 2rem;
  right: 8rem;
  z-index: 6;
  opacity: 0.7;
  cursor: pointer;
}

<div>
  <button
    class="c0"
  >
    Mudar para tema escuro
  </button>
</div>
`;
